// Jest Snapshot v1, https://goo.gl/fbAQLP

exports[`getBoundingBox should return the bounding box for a big polygon 1`] = `
Object {
  "boxes": Array [
    Array [
      Array [
        2.19,
        41.39,
        2.2,
        41.4,
      ],
      Array [
        2.19,
        41.4,
        2.2,
        41.41,
      ],
    ],
    Array [
      Array [
        2.2,
        41.4,
        2.21,
        41.41,
      ],
      Array [
        2.2,
        41.41,
        2.21,
        41.42,
      ],
    ],
  ],
  "zones": Array [
    Object {
      "box": Array [
        2.17,
        41.4,
        2.18,
        41.41,
      ],
      "zone": Object {
        "geometry": Object {
          "coordinates": Array [
            Array [
              Array [
                2.178123491362615,
                41.41,
              ],
              Array [
                2.178835942659524,
                41.40946951521555,
              ],
              Array [
                2.178921951028788,
                41.40943283753921,
              ],
              Array [
                2.18,
                41.40858315834479,
              ],
              Array [
                2.18,
                41.41,
              ],
              Array [
                2.178123491362615,
                41.41,
              ],
            ],
          ],
          "type": "Polygon",
        },
        "properties": Object {},
        "type": "Feature",
      },
    },
    Object {
      "box": Array [
        2.17,
        41.41,
        2.18,
        41.42,
      ],
      "zone": Object {
        "geometry": Object {
          "coordinates": Array [
            Array [
              Array [
                2.175419055896345,
                41.41203940673852,
              ],
              Array [
                2.176012404300543,
                41.41162907575317,
              ],
              Array [
                2.176584163922714,
                41.41117959386157,
              ],
              Array [
                2.177141540170465,
                41.41074764295409,
              ],
              Array [
                2.177719363553171,
                41.41030090990754,
              ],
              Array [
                2.178123491362615,
                41.41,
              ],
              Array [
                2.18,
                41.41,
              ],
              Array [
                2.18,
                41.415407963455145,
              ],
              Array [
                2.179546737916385,
                41.415075555089714,
              ],
              Array [
                2.179008517915382,
                41.41468136140597,
              ],
              Array [
                2.178838461667453,
                41.41455884495784,
              ],
              Array [
                2.177662396328864,
                41.413706927735326,
              ],
              Array [
                2.176641905671303,
                41.412949194365424,
              ],
              Array [
                2.175419055896345,
                41.41203940673852,
              ],
            ],
          ],
          "type": "Polygon",
        },
        "properties": Object {},
        "type": "Feature",
      },
    },
    Object {
      "box": Array [
        2.18,
        41.38,
        2.19,
        41.39,
      ],
      "zone": Object {
        "geometry": Object {
          "coordinates": Array [
            Array [
              Array [
                Array [
                  2.184273874597161,
                  41.39,
                ],
                Array [
                  2.18460019085951,
                  41.389755039398544,
                ],
                Array [
                  2.184935836603487,
                  41.39,
                ],
                Array [
                  2.184273874597161,
                  41.39,
                ],
              ],
            ],
            Array [
              Array [
                Array [
                  2.188685916862071,
                  41.39,
                ],
                Array [
                  2.189183853611451,
                  41.389618576188205,
                ],
                Array [
                  2.19,
                  41.388993353028766,
                ],
                Array [
                  2.19,
                  41.39,
                ],
                Array [
                  2.188685916862071,
                  41.39,
                ],
              ],
            ],
          ],
          "type": "MultiPolygon",
        },
        "properties": Object {},
        "type": "Feature",
      },
    },
    Object {
      "box": Array [
        2.18,
        41.39,
        2.19,
        41.4,
      ],
      "zone": Object {
        "geometry": Object {
          "coordinates": Array [
            Array [
              Array [
                2.182389633367708,
                41.39142593401981,
              ],
              Array [
                2.18346004924504,
                41.39061092618033,
              ],
              Array [
                2.184273874597161,
                41.39,
              ],
              Array [
                2.184935836603487,
                41.39,
              ],
              Array [
                2.18686574382265,
                41.39140848272813,
              ],
              Array [
                2.187942429966478,
                41.390569517325424,
              ],
              Array [
                2.188685916862071,
                41.39,
              ],
              Array [
                2.19,
                41.39,
              ],
              Array [
                2.19,
                41.4,
              ],
              Array [
                2.1868191591686292,
                41.4,
              ],
              Array [
                2.186822363199957,
                41.39826630155241,
              ],
              Array [
                2.186824900386303,
                41.39689370966285,
              ],
              Array [
                2.186753821788214,
                41.39668903438902,
              ],
              Array [
                2.186733831673234,
                41.396631506338956,
              ],
              Array [
                2.186767748879785,
                41.3954863412683,
              ],
              Array [
                2.186732443706736,
                41.39490475584036,
              ],
              Array [
                2.186713515123375,
                41.39459301611553,
              ],
              Array [
                2.185817357904964,
                41.39393661088169,
              ],
              Array [
                2.183526574068005,
                41.392258603264594,
              ],
              Array [
                2.182389633367708,
                41.39142593401981,
              ],
            ],
          ],
          "type": "Polygon",
        },
        "properties": Object {},
        "type": "Feature",
      },
    },
    Object {
      "box": Array [
        2.18,
        41.4,
        2.19,
        41.41,
      ],
      "zone": Object {
        "geometry": Object {
          "coordinates": Array [
            Array [
              Array [
                2.18,
                41.40858315834479,
              ],
              Array [
                2.180012604349364,
                41.40857322405266,
              ],
              Array [
                2.181109959887089,
                41.407749272347054,
              ],
              Array [
                2.182239849447661,
                41.40689416794487,
              ],
              Array [
                2.183086414766025,
                41.40624358450091,
              ],
              Array [
                2.183361528532187,
                41.406032157337094,
              ],
              Array [
                2.184493331274751,
                41.405179070681804,
              ],
              Array [
                2.185960142119741,
                41.404071168325665,
              ],
              Array [
                2.185725669197894,
                41.40383028924237,
              ],
              Array [
                2.18561624553687,
                41.403659030398984,
              ],
              Array [
                2.18552228749004,
                41.40331740483481,
              ],
              Array [
                2.185423871599296,
                41.40319887251444,
              ],
              Array [
                2.185454397294165,
                41.403105320339435,
              ],
              Array [
                2.185482225914796,
                41.40303711420741,
              ],
              Array [
                2.185593211278293,
                41.402816512784334,
              ],
              Array [
                2.185641908110575,
                41.40272973660646,
              ],
              Array [
                2.185694280390001,
                41.402640815589656,
              ],
              Array [
                2.185748893536352,
                41.40254391172897,
              ],
              Array [
                2.185962974339288,
                41.40246549274959,
              ],
              Array [
                2.185944774722896,
                41.40243986384209,
              ],
              Array [
                2.186544627771158,
                41.40227662641732,
              ],
              Array [
                2.186818893683909,
                41.402287544074085,
              ],
              Array [
                2.186815898176075,
                41.40176452011547,
              ],
              Array [
                2.1868191591686292,
                41.4,
              ],
              Array [
                2.19,
                41.4,
              ],
              Array [
                2.19,
                41.41,
              ],
              Array [
                2.18,
                41.41,
              ],
              Array [
                2.18,
                41.40858315834479,
              ],
            ],
          ],
          "type": "Polygon",
        },
        "properties": Object {},
        "type": "Feature",
      },
    },
    Object {
      "box": Array [
        2.18,
        41.41,
        2.19,
        41.42,
      ],
      "zone": Object {
        "geometry": Object {
          "coordinates": Array [
            Array [
              Array [
                2.18,
                41.41,
              ],
              Array [
                2.19,
                41.41,
              ],
              Array [
                2.19,
                41.41445969211022,
              ],
              Array [
                2.188966218159947,
                41.41366611430065,
              ],
              Array [
                2.187875867818688,
                41.414516410314825,
              ],
              Array [
                2.18753295759829,
                41.41479236758498,
              ],
              Array [
                2.186884067754626,
                41.41526736366928,
              ],
              Array [
                2.186866098959345,
                41.41528051380979,
              ],
              Array [
                2.185657240024554,
                41.41620975785059,
              ],
              Array [
                2.18550409915823,
                41.41633644582945,
              ],
              Array [
                2.185109543373569,
                41.41662428961773,
              ],
              Array [
                2.184782091431774,
                41.41686982160753,
              ],
              Array [
                2.184417987664804,
                41.41715248310138,
              ],
              Array [
                2.183349053364843,
                41.417956318553856,
              ],
              Array [
                2.182186701970953,
                41.417115786356845,
              ],
              Array [
                2.181074913024743,
                41.416306650774416,
              ],
              Array [
                2.180707331209086,
                41.41603146039578,
              ],
              Array [
                2.180447948138714,
                41.41586095835236,
              ],
              Array [
                2.180228978283188,
                41.41557588903195,
              ],
              Array [
                2.18,
                41.415407963455145,
              ],
              Array [
                2.18,
                41.41,
              ],
            ],
          ],
          "type": "Polygon",
        },
        "properties": Object {},
        "type": "Feature",
      },
    },
    Object {
      "box": Array [
        2.19,
        41.38,
        2.2,
        41.39,
      ],
      "zone": Object {
        "geometry": Object {
          "coordinates": Array [
            Array [
              Array [
                Array [
                  2.19,
                  41.388993353028766,
                ],
                Array [
                  2.192556711542963,
                  41.387034739609526,
                ],
                Array [
                  2.192965382371302,
                  41.38672944767718,
                ],
                Array [
                  2.19336228209486,
                  41.38642110834037,
                ],
                Array [
                  2.193556521593303,
                  41.38628913024631,
                ],
                Array [
                  2.193630215718172,
                  41.38633317969568,
                ],
                Array [
                  2.195774073240758,
                  41.38788657680816,
                ],
                Array [
                  2.19590447672497,
                  41.38753420307506,
                ],
                Array [
                  2.196400865996579,
                  41.38741455311325,
                ],
                Array [
                  2.199722962413001,
                  41.384934944079056,
                ],
                Array [
                  2.2,
                  41.38513339296399,
                ],
                Array [
                  2.2,
                  41.3852583113056,
                ],
                Array [
                  2.199525133303939,
                  41.3858628224936,
                ],
                Array [
                  2.198395393751803,
                  41.38671517457041,
                ],
                Array [
                  2.198513277585816,
                  41.38680372844779,
                ],
                Array [
                  2.19839545136767,
                  41.38689369525926,
                ],
                Array [
                  2.2,
                  41.38810026653631,
                ],
                Array [
                  2.2,
                  41.39,
                ],
                Array [
                  2.19,
                  41.39,
                ],
                Array [
                  2.19,
                  41.388993353028766,
                ],
              ],
            ],
            Array [
              Array [
                Array [
                  2.19914504512521,
                  41.383848607977654,
                ],
                Array [
                  2.199568232545059,
                  41.38353059355836,
                ],
                Array [
                  2.2,
                  41.38374739251367,
                ],
                Array [
                  2.2,
                  41.384161077461734,
                ],
                Array [
                  2.199890004851695,
                  41.38419909012879,
                ],
                Array [
                  2.19914504512521,
                  41.383848607977654,
                ],
              ],
            ],
          ],
          "type": "MultiPolygon",
        },
        "properties": Object {},
        "type": "Feature",
      },
    },
    Object {
      "box": Array [
        2.19,
        41.41,
        2.2,
        41.42,
      ],
      "zone": Object {
        "geometry": Object {
          "coordinates": Array [
            Array [
              Array [
                2.19,
                41.41,
              ],
              Array [
                2.2,
                41.41,
              ],
              Array [
                2.2,
                41.42,
              ],
              Array [
                2.1943724716879065,
                41.42,
              ],
              Array [
                2.194036192247518,
                41.418972344967315,
              ],
              Array [
                2.193317260522939,
                41.41716974996948,
              ],
              Array [
                2.193188650543735,
                41.416904542233105,
              ],
              Array [
                2.192399475869332,
                41.414655470064275,
              ],
              Array [
                2.192361632101159,
                41.41456626469455,
              ],
              Array [
                2.192069080055715,
                41.41477069096596,
              ],
              Array [
                2.191187455170464,
                41.41538276639932,
              ],
              Array [
                2.190938552884024,
                41.41518911325405,
              ],
              Array [
                2.190123041252029,
                41.41455414415367,
              ],
              Array [
                2.19,
                41.41445969211022,
              ],
              Array [
                2.19,
                41.41,
              ],
            ],
          ],
          "type": "Polygon",
        },
        "properties": Object {},
        "type": "Feature",
      },
    },
    Object {
      "box": Array [
        2.19,
        41.42,
        2.2,
        41.43,
      ],
      "zone": Object {
        "geometry": Object {
          "coordinates": Array [
            Array [
              Array [
                2.1943724716879065,
                41.42,
              ],
              Array [
                2.2,
                41.42,
              ],
              Array [
                2.2,
                41.43,
              ],
              Array [
                2.1990893324057468,
                41.43,
              ],
              Array [
                2.198542243920899,
                41.42981766805664,
              ],
              Array [
                2.197994640871642,
                41.42952304890069,
              ],
              Array [
                2.197777714648815,
                41.42935674606155,
              ],
              Array [
                2.197588412076063,
                41.42917002624091,
              ],
              Array [
                2.197322839578456,
                41.42885378747965,
              ],
              Array [
                2.197126146231624,
                41.428476291227575,
              ],
              Array [
                2.197002318446946,
                41.42823861233553,
              ],
              Array [
                2.196570098121907,
                41.427401631574824,
              ],
              Array [
                2.196423627376357,
                41.42707100806818,
              ],
              Array [
                2.196345964631456,
                41.42670996902384,
              ],
              Array [
                2.196538412729188,
                41.42658996346988,
              ],
              Array [
                2.195894687716229,
                41.4244497167818,
              ],
              Array [
                2.19560506391954,
                41.42269625317165,
              ],
              Array [
                2.195604467975503,
                41.42265044598727,
              ],
              Array [
                2.195532165902533,
                41.42245420836866,
              ],
              Array [
                2.195448850907749,
                41.42233201627992,
              ],
              Array [
                2.19518796215484,
                41.42236182727964,
              ],
              Array [
                2.194983458403311,
                41.4217334501765,
              ],
              Array [
                2.194547605008538,
                41.42053519964863,
              ],
              Array [
                2.1943724716879065,
                41.42,
              ],
            ],
          ],
          "type": "Polygon",
        },
        "properties": Object {},
        "type": "Feature",
      },
    },
    Object {
      "box": Array [
        2.19,
        41.43,
        2.2,
        41.44,
      ],
      "zone": Object {
        "geometry": Object {
          "coordinates": Array [
            Array [
              Array [
                2.1990893324057468,
                41.43,
              ],
              Array [
                2.2,
                41.43,
              ],
              Array [
                2.2,
                41.43015636908272,
              ],
              Array [
                2.199656804298798,
                41.43013201710329,
              ],
              Array [
                2.199260839143334,
                41.430057159230415,
              ],
              Array [
                2.1990893324057468,
                41.43,
              ],
            ],
          ],
          "type": "Polygon",
        },
        "properties": Object {},
        "type": "Feature",
      },
    },
    Object {
      "box": Array [
        2.2,
        41.38,
        2.21,
        41.39,
      ],
      "zone": Object {
        "geometry": Object {
          "coordinates": Array [
            Array [
              Array [
                Array [
                  2.2,
                  41.38374739251367,
                ],
                Array [
                  2.200116319585302,
                  41.38380579887174,
                ],
                Array [
                  2.200789373456382,
                  41.384218459197655,
                ],
                Array [
                  2.201203630176428,
                  41.38453738983446,
                ],
                Array [
                  2.201711536746663,
                  41.384969985744526,
                ],
                Array [
                  2.202205356438108,
                  41.385446033240974,
                ],
                Array [
                  2.202606915481499,
                  41.38588731024852,
                ],
                Array [
                  2.203039060746549,
                  41.38641989971125,
                ],
                Array [
                  2.203358562313537,
                  41.38687264020453,
                ],
                Array [
                  2.20368494081092,
                  41.38741700692754,
                ],
                Array [
                  2.202984601931913,
                  41.38794332722255,
                ],
                Array [
                  2.202755678541745,
                  41.38777154530005,
                ],
                Array [
                  2.20141228912972,
                  41.388783583159594,
                ],
                Array [
                  2.2021114013048715,
                  41.39,
                ],
                Array [
                  2.2,
                  41.39,
                ],
                Array [
                  2.2,
                  41.38810026653631,
                ],
                Array [
                  2.200219539265758,
                  41.38826535331955,
                ],
                Array [
                  2.200337634452554,
                  41.388176863763846,
                ],
                Array [
                  2.200456383779532,
                  41.388265493709035,
                ],
                Array [
                  2.201877365032575,
                  41.38719376233283,
                ],
                Array [
                  2.200110702181267,
                  41.385864333145506,
                ],
                Array [
                  2.200834828670614,
                  41.38531860384763,
                ],
                Array [
                  2.201490176690063,
                  41.38581252922156,
                ],
                Array [
                  2.201284820042652,
                  41.38596794431043,
                ],
                Array [
                  2.202395022489706,
                  41.386803467415895,
                ],
                Array [
                  2.202675829392265,
                  41.38659188836989,
                ],
                Array [
                  2.201892700634438,
                  41.38567541454413,
                ],
                Array [
                  2.201203038719318,
                  41.38502097334341,
                ],
                Array [
                  2.200707168122488,
                  41.384606852126566,
                ],
                Array [
                  2.200396976203524,
                  41.3843818072713,
                ],
                Array [
                  2.200025654943678,
                  41.38415221149948,
                ],
                Array [
                  2.2,
                  41.384161077461734,
                ],
                Array [
                  2.2,
                  41.38374739251367,
                ],
              ],
            ],
            Array [
              Array [
                Array [
                  2.2,
                  41.38513339296399,
                ],
                Array [
                  2.20006279395181,
                  41.38517837382689,
                ],
                Array [
                  2.2,
                  41.3852583113056,
                ],
                Array [
                  2.2,
                  41.38513339296399,
                ],
              ],
            ],
          ],
          "type": "MultiPolygon",
        },
        "properties": Object {},
        "type": "Feature",
      },
    },
    Object {
      "box": Array [
        2.2,
        41.39,
        2.21,
        41.4,
      ],
      "zone": Object {
        "geometry": Object {
          "coordinates": Array [
            Array [
              Array [
                2.2,
                41.39,
              ],
              Array [
                2.2021114013048715,
                41.39,
              ],
              Array [
                2.202113197324603,
                41.39000312497583,
              ],
              Array [
                2.20499801107981,
                41.39090401289305,
              ],
              Array [
                2.205753075436516,
                41.39032561626038,
              ],
              Array [
                2.206304849475886,
                41.390742226564576,
              ],
              Array [
                2.206347091575884,
                41.39077411610874,
              ],
              Array [
                2.205757891862853,
                41.39122093475933,
              ],
              Array [
                2.205298363218664,
                41.39163185853215,
              ],
              Array [
                2.206803062566864,
                41.39377387258237,
              ],
              Array [
                2.209719550046243,
                41.39588692140986,
              ],
              Array [
                2.21,
                41.395667424505305,
              ],
              Array [
                2.21,
                41.4,
              ],
              Array [
                2.2,
                41.4,
              ],
              Array [
                2.2,
                41.39,
              ],
            ],
          ],
          "type": "Polygon",
        },
        "properties": Object {},
        "type": "Feature",
      },
    },
    Object {
      "box": Array [
        2.2,
        41.42,
        2.21,
        41.43,
      ],
      "zone": Object {
        "geometry": Object {
          "coordinates": Array [
            Array [
              Array [
                2.2,
                41.42,
              ],
              Array [
                2.21,
                41.42,
              ],
              Array [
                2.21,
                41.42393883262705,
              ],
              Array [
                2.209903000880254,
                41.42398234825393,
              ],
              Array [
                2.209804656746221,
                41.42401470380801,
              ],
              Array [
                2.209700509684121,
                41.42406868243498,
              ],
              Array [
                2.209620654850146,
                41.424127700766306,
              ],
              Array [
                2.209594943429583,
                41.42411236468392,
              ],
              Array [
                2.209411973876776,
                41.42424973362117,
              ],
              Array [
                2.209349597623364,
                41.424460242443274,
              ],
              Array [
                2.209210744527028,
                41.42478564782795,
              ],
              Array [
                2.20916394962448,
                41.42493883186364,
              ],
              Array [
                2.209150751675743,
                41.42494655069735,
              ],
              Array [
                2.209121230403711,
                41.424925621721854,
              ],
              Array [
                2.208997826401668,
                41.42502000107498,
              ],
              Array [
                2.208746292653473,
                41.42508326175638,
              ],
              Array [
                2.208491163009509,
                41.42514892017846,
              ],
              Array [
                2.20843468569129,
                41.42517577053668,
              ],
              Array [
                2.208099502288742,
                41.425051378417756,
              ],
              Array [
                2.207847896652794,
                41.42499926887532,
              ],
              Array [
                2.207771475074979,
                41.42498624070602,
              ],
              Array [
                2.207446699300778,
                41.42500813666614,
              ],
              Array [
                2.207253376180967,
                41.42513521638918,
              ],
              Array [
                2.206881689010539,
                41.425311464139966,
              ],
              Array [
                2.206458854818634,
                41.42544112281842,
              ],
              Array [
                2.206361536328975,
                41.42546656474023,
              ],
              Array [
                2.206238817665044,
                41.42550028049037,
              ],
              Array [
                2.206153543900096,
                41.42550560150131,
              ],
              Array [
                2.206050872255556,
                41.425566720892334,
              ],
              Array [
                2.206151922471935,
                41.42583548910768,
              ],
              Array [
                2.206286278191234,
                41.4259725813556,
              ],
              Array [
                2.206334532656169,
                41.426062006917604,
              ],
              Array [
                2.206453324569594,
                41.42639146339919,
              ],
              Array [
                2.2068120227982,
                41.426783985631516,
              ],
              Array [
                2.206842182111492,
                41.42682724911587,
              ],
              Array [
                2.206852221487712,
                41.42685001710662,
              ],
              Array [
                2.207005571307004,
                41.42702471042724,
              ],
              Array [
                2.20702608043898,
                41.42705454931589,
              ],
              Array [
                2.207057223027163,
                41.42712425644859,
              ],
              Array [
                2.207117472743719,
                41.42732775384875,
              ],
              Array [
                2.207150502431959,
                41.427474586923964,
              ],
              Array [
                2.207193739305272,
                41.42756050967902,
              ],
              Array [
                2.205577163259145,
                41.42830587779507,
              ],
              Array [
                2.205201011861609,
                41.42847928784912,
              ],
              Array [
                2.203520937717045,
                41.42925379606886,
              ],
              Array [
                2.203464341802057,
                41.42927715724573,
              ],
              Array [
                2.202770380209326,
                41.42956652020636,
              ],
              Array [
                2.2022944666169,
                41.42972161127565,
              ],
              Array [
                2.201876992363637,
                41.42987962756642,
              ],
              Array [
                2.201430366524816,
                41.43,
              ],
              Array [
                2.2,
                41.43,
              ],
              Array [
                2.2,
                41.42,
              ],
            ],
          ],
          "type": "Polygon",
        },
        "properties": Object {},
        "type": "Feature",
      },
    },
    Object {
      "box": Array [
        2.2,
        41.43,
        2.21,
        41.44,
      ],
      "zone": Object {
        "geometry": Object {
          "coordinates": Array [
            Array [
              Array [
                2.2,
                41.43,
              ],
              Array [
                2.201430366524816,
                41.43,
              ],
              Array [
                2.201211785226767,
                41.43005891097311,
              ],
              Array [
                2.20082915784793,
                41.43012808134449,
              ],
              Array [
                2.200141461985817,
                41.430166406735744,
              ],
              Array [
                2.2,
                41.43015636908272,
              ],
              Array [
                2.2,
                41.43,
              ],
            ],
          ],
          "type": "Polygon",
        },
        "properties": Object {},
        "type": "Feature",
      },
    },
    Object {
      "box": Array [
        2.21,
        41.39,
        2.22,
        41.4,
      ],
      "zone": Object {
        "geometry": Object {
          "coordinates": Array [
            Array [
              Array [
                2.21,
                41.395667424505305,
              ],
              Array [
                2.211270182196389,
                41.394673303962264,
              ],
              Array [
                2.211468936768372,
                41.3948172992352,
              ],
              Array [
                2.212020654483947,
                41.39521696544054,
              ],
              Array [
                2.210704240230909,
                41.39625174181096,
              ],
              Array [
                2.2116367435902,
                41.39749389831967,
              ],
              Array [
                2.214190550489056,
                41.399440187572196,
              ],
              Array [
                2.215300615371637,
                41.39861880430451,
              ],
              Array [
                2.215701478666074,
                41.39891492809412,
              ],
              Array [
                2.214253041460062,
                41.39998709103973,
              ],
              Array [
                2.2142627341270433,
                41.4,
              ],
              Array [
                2.21,
                41.4,
              ],
              Array [
                2.21,
                41.395667424505305,
              ],
            ],
          ],
          "type": "Polygon",
        },
        "properties": Object {},
        "type": "Feature",
      },
    },
    Object {
      "box": Array [
        2.21,
        41.4,
        2.22,
        41.41,
      ],
      "zone": Object {
        "geometry": Object {
          "coordinates": Array [
            Array [
              Array [
                2.21,
                41.4,
              ],
              Array [
                2.2142627341270433,
                41.4,
              ],
              Array [
                2.21589083183821,
                41.40216834527597,
              ],
              Array [
                2.216828981585946,
                41.4028832154881,
              ],
              Array [
                2.218252287249644,
                41.401932577635414,
              ],
              Array [
                2.218471129770532,
                41.402117528139186,
              ],
              Array [
                2.217090286638101,
                41.40303980447291,
              ],
              Array [
                2.217849526848445,
                41.40405088682831,
              ],
              Array [
                2.22,
                41.40525144298266,
              ],
              Array [
                2.22,
                41.41,
              ],
              Array [
                2.21,
                41.41,
              ],
              Array [
                2.21,
                41.4,
              ],
            ],
          ],
          "type": "Polygon",
        },
        "properties": Object {},
        "type": "Feature",
      },
    },
    Object {
      "box": Array [
        2.21,
        41.41,
        2.22,
        41.42,
      ],
      "zone": Object {
        "geometry": Object {
          "coordinates": Array [
            Array [
              Array [
                2.21,
                41.41,
              ],
              Array [
                2.22,
                41.41,
              ],
              Array [
                2.22,
                41.41491645956434,
              ],
              Array [
                2.219898690216737,
                41.4150759103823,
              ],
              Array [
                2.219766438427138,
                41.415245652309956,
              ],
              Array [
                2.219473522973908,
                41.4155413828638,
              ],
              Array [
                2.21942398290286,
                41.41560055956386,
              ],
              Array [
                2.219078888260536,
                41.41587272306961,
              ],
              Array [
                2.218554265037524,
                41.416185029704124,
              ],
              Array [
                2.218375622026427,
                41.41631329091591,
              ],
              Array [
                2.218318357642691,
                41.416360876097094,
              ],
              Array [
                2.218236230846969,
                41.416447177801814,
              ],
              Array [
                2.218169958864103,
                41.416490522275666,
              ],
              Array [
                2.217988585554724,
                41.416627807860806,
              ],
              Array [
                2.217740791537501,
                41.41695147534312,
              ],
              Array [
                2.217420152077362,
                41.41728359164601,
              ],
              Array [
                2.217152819518106,
                41.41758768685648,
              ],
              Array [
                2.21685121440986,
                41.4179784255744,
              ],
              Array [
                2.216741788261638,
                41.418102642187584,
              ],
              Array [
                2.216623801798969,
                41.41822121581128,
              ],
              Array [
                2.216532326062939,
                41.41829943599291,
              ],
              Array [
                2.216433223267585,
                41.41837502805653,
              ],
              Array [
                2.216332107910285,
                41.4184507864859,
              ],
              Array [
                2.216097040621048,
                41.418600341084364,
              ],
              Array [
                2.215258387497792,
                41.41923270100571,
              ],
              Array [
                2.215115059729676,
                41.41934560577263,
              ],
              Array [
                2.215033465177239,
                41.41940987644445,
              ],
              Array [
                2.214542901212662,
                41.419780594056725,
              ],
              Array [
                2.214385555152027,
                41.41989176291056,
              ],
              Array [
                2.2142114236493136,
                41.42,
              ],
              Array [
                2.21,
                41.42,
              ],
              Array [
                2.21,
                41.41,
              ],
            ],
          ],
          "type": "Polygon",
        },
        "properties": Object {},
        "type": "Feature",
      },
    },
    Object {
      "box": Array [
        2.21,
        41.42,
        2.22,
        41.43,
      ],
      "zone": Object {
        "geometry": Object {
          "coordinates": Array [
            Array [
              Array [
                2.21,
                41.42,
              ],
              Array [
                2.2142114236493136,
                41.42,
              ],
              Array [
                2.213998856766457,
                41.42013212784794,
              ],
              Array [
                2.21394506818733,
                41.420154873873095,
              ],
              Array [
                2.213912283489972,
                41.420187338224906,
              ],
              Array [
                2.213746518694578,
                41.420278992548894,
              ],
              Array [
                2.21320711341466,
                41.42054382115219,
              ],
              Array [
                2.212893171674042,
                41.42072009579378,
              ],
              Array [
                2.212803036142317,
                41.420747078541055,
              ],
              Array [
                2.212630590197308,
                41.42079913370053,
              ],
              Array [
                2.212339842891963,
                41.420833202131114,
              ],
              Array [
                2.211617845768995,
                41.421378663248205,
              ],
              Array [
                2.211477113609394,
                41.42181944456608,
              ],
              Array [
                2.21146795942238,
                41.42184811574632,
              ],
              Array [
                2.211346307510548,
                41.42217151591787,
              ],
              Array [
                2.211284164464265,
                41.42233670182886,
              ],
              Array [
                2.211131766352745,
                41.42280268673191,
              ],
              Array [
                2.211094237436989,
                41.42295806086512,
              ],
              Array [
                2.211027360927428,
                41.42317412446113,
              ],
              Array [
                2.210967752466105,
                41.42326615076613,
              ],
              Array [
                2.210893365107091,
                41.423350203217616,
              ],
              Array [
                2.210715728293758,
                41.42352891009862,
              ],
              Array [
                2.210537956088,
                41.42366137136906,
              ],
              Array [
                2.210394464474629,
                41.42375468674912,
              ],
              Array [
                2.210254377850613,
                41.423824713945756,
              ],
              Array [
                2.21,
                41.42393883262705,
              ],
              Array [
                2.21,
                41.42,
              ],
            ],
          ],
          "type": "Polygon",
        },
        "properties": Object {},
        "type": "Feature",
      },
    },
    Object {
      "box": Array [
        2.22,
        41.4,
        2.23,
        41.41,
      ],
      "zone": Object {
        "geometry": Object {
          "coordinates": Array [
            Array [
              Array [
                2.22,
                41.40525144298266,
              ],
              Array [
                2.220036151927639,
                41.405271625712764,
              ],
              Array [
                2.222014660772322,
                41.40380311188999,
              ],
              Array [
                2.221885216014148,
                41.40357116755228,
              ],
              Array [
                2.222094896402507,
                41.40340188281951,
              ],
              Array [
                2.222458453691248,
                41.40369631674088,
              ],
              Array [
                2.223066554109561,
                41.40469809322436,
              ],
              Array [
                2.22358899236212,
                41.4051804381865,
              ],
              Array [
                2.223276159624579,
                41.405426971848605,
              ],
              Array [
                2.222710182869446,
                41.404921740770675,
              ],
              Array [
                2.222260208473563,
                41.404185085756026,
              ],
              Array [
                2.221663347377976,
                41.404627114049376,
              ],
              Array [
                2.223635949960701,
                41.406198432312465,
              ],
              Array [
                2.224399004949545,
                41.405912334491944,
              ],
              Array [
                2.224687441203723,
                41.406348727078324,
              ],
              Array [
                2.226129212817156,
                41.40528139725181,
              ],
              Array [
                2.229202926916216,
                41.40956920290854,
              ],
              Array [
                2.2281426548014673,
                41.41,
              ],
              Array [
                2.22,
                41.41,
              ],
              Array [
                2.22,
                41.40525144298266,
              ],
            ],
          ],
          "type": "Polygon",
        },
        "properties": Object {},
        "type": "Feature",
      },
    },
    Object {
      "box": Array [
        2.22,
        41.41,
        2.23,
        41.42,
      ],
      "zone": Object {
        "geometry": Object {
          "coordinates": Array [
            Array [
              Array [
                2.22,
                41.41,
              ],
              Array [
                2.2281426548014673,
                41.41,
              ],
              Array [
                2.227188067092295,
                41.4103878566671,
              ],
              Array [
                2.227016600128489,
                41.41045752277539,
              ],
              Array [
                2.225841304702832,
                41.41093502363345,
              ],
              Array [
                2.223250691393075,
                41.411987488814596,
              ],
              Array [
                2.223125760196564,
                41.412050121874316,
              ],
              Array [
                2.223034359692058,
                41.41209125495711,
              ],
              Array [
                2.222880297403983,
                41.412160554899955,
              ],
              Array [
                2.222794548039629,
                41.41231689582341,
              ],
              Array [
                2.222783978641335,
                41.41232126518207,
              ],
              Array [
                2.222579517809458,
                41.41240567239842,
              ],
              Array [
                2.222492305496428,
                41.41244168103259,
              ],
              Array [
                2.2223029825368,
                41.41251983967921,
              ],
              Array [
                2.221097007345745,
                41.413027484853025,
              ],
              Array [
                2.221035301766952,
                41.413071645551035,
              ],
              Array [
                2.221023485498815,
                41.41309123799152,
              ],
              Array [
                2.221054529720619,
                41.41315286112167,
              ],
              Array [
                2.221395523622495,
                41.41352633929066,
              ],
              Array [
                2.221387192596556,
                41.41357072595146,
              ],
              Array [
                2.221372430534911,
                41.41363363357763,
              ],
              Array [
                2.221289150691565,
                41.41374198907435,
              ],
              Array [
                2.221109153164929,
                41.41387147045825,
              ],
              Array [
                2.220818114023608,
                41.414011099290924,
              ],
              Array [
                2.220535632999722,
                41.41424154484657,
              ],
              Array [
                2.220320882888701,
                41.41445429822251,
              ],
              Array [
                2.220144456834614,
                41.414689099879055,
              ],
              Array [
                2.22,
                41.41491645956434,
              ],
              Array [
                2.22,
                41.41,
              ],
            ],
          ],
          "type": "Polygon",
        },
        "properties": Object {},
        "type": "Feature",
      },
    },
  ],
}
`;
